../Core/Src/main.c:233:6:Serialize16Bits	16	static
../Core/Src/main.c:241:6:Serialize32Bits	24	static
../Core/Src/main.c:253:6:Serialize64Bits	24	static
../Core/Src/main.c:277:6:ResetSerial	24	static
../Core/Src/main.c:312:6:UartMainProcess	120	static
../Core/Src/main.c:789:9:SendData	24	static
../Core/Src/main.c:850:15:CalculateChecksum	24	static
../Core/Src/main.c:883:5:main	8	static
../Core/Src/main.c:983:6:SystemClock_Config	88	static
../Core/Src/main.c:1029:13:MX_ADC1_Init	48	static
../Core/Src/main.c:1139:13:MX_TIM2_Init	32	static
../Core/Src/main.c:1184:13:MX_USART2_UART_Init	8	static
../Core/Src/main.c:1215:13:MX_DMA_Init	16	static
../Core/Src/main.c:1233:13:MX_GPIO_Init	24	static
../Core/Src/main.c:1250:6:HAL_UART_TxCpltCallback	24	static,ignoring_inline_asm
../Core/Src/main.c:1260:6:HAL_ADC_ConvHalfCpltCallback	24	static,ignoring_inline_asm
../Core/Src/main.c:1276:6:HAL_ADC_ConvCpltCallback	24	static,ignoring_inline_asm
../Core/Src/main.c:1294:6:HAL_UART_RxCpltCallback	24	static,ignoring_inline_asm
../Core/Src/main.c:1321:6:StartAdcTask	248	static
../Core/Src/main.c:1604:6:StartUartTask	24	static
../Core/Src/main.c:1653:6:HAL_TIM_PeriodElapsedCallback	16	static
../Core/Src/main.c:1671:6:Error_Handler	4	static,ignoring_inline_asm
