../Core/Src/main.c:233:6:Serialize16Bits	1
../Core/Src/main.c:241:6:Serialize32Bits	1
../Core/Src/main.c:253:6:Serialize64Bits	1
../Core/Src/main.c:277:6:ResetSerial	2
../Core/Src/main.c:312:6:UartMainProcess	46
../Core/Src/main.c:789:9:SendData	6
../Core/Src/main.c:850:15:CalculateChecksum	2
../Core/Src/main.c:883:5:main	1
../Core/Src/main.c:983:6:SystemClock_Config	3
../Core/Src/main.c:1029:13:MX_ADC1_Init	9
../Core/Src/main.c:1139:13:MX_TIM2_Init	4
../Core/Src/main.c:1184:13:MX_USART2_UART_Init	2
../Core/Src/main.c:1215:13:MX_DMA_Init	1
../Core/Src/main.c:1233:13:MX_GPIO_Init	1
../Core/Src/main.c:1250:6:HAL_UART_TxCpltCallback	3
../Core/Src/main.c:1260:6:HAL_ADC_ConvHalfCpltCallback	3
../Core/Src/main.c:1276:6:HAL_ADC_ConvCpltCallback	3
../Core/Src/main.c:1294:6:HAL_UART_RxCpltCallback	3
../Core/Src/main.c:1321:6:StartAdcTask	22
../Core/Src/main.c:1604:6:StartUartTask	6
../Core/Src/main.c:1653:6:HAL_TIM_PeriodElapsedCallback	2
../Core/Src/main.c:1671:6:Error_Handler	1
